<html>
<body>
<pre>
<h1>µVision Build Log</h1>
<h2>Tool Versions:</h2>
IDE-Version: ¦ÌVision V5.26.2.0
Copyright (C) 2018 ARM Ltd and ARM Germany GmbH. All rights reserved.
License Information: 2681232282 Microsoft, Microsoft, LIC=MPPLD-8BAID-DYVV3-AQI0S-NF08N-0ZIAM
 
Tool Versions:
Toolchain:       MDK-ARM Plus  Version: 5.26.2.0
Toolchain Path:  D:\Program Files\Soft\MDK\ARM\ARMCC\Bin
C Compiler:      Armcc.exe V5.06 update 6 (build 750)
Assembler:       Armasm.exe V5.06 update 6 (build 750)
Linker/Locator:  ArmLink.exe V5.06 update 6 (build 750)
Library Manager: ArmAr.exe V5.06 update 6 (build 750)
Hex Converter:   FromElf.exe V5.06 update 6 (build 750)
CPU DLL:         SARMCM3.DLL V5.26.2.0
Dialog DLL:      DCM.DLL V1.17.2.0
Target DLL:      STLink\ST-LINKIII-KEIL_SWO.dll V3.0.5.0
Dialog DLL:      TCM.DLL V1.36.1.0
 
<h2>Project:</h2>
E:\FirmWareStudy\STM32\FreeRTOSStudy\freertos_queue\freertos_stm32f407_stdlib\USER\FreeRTOS.uvprojx
Project File Date:  04/25/2021

<h2>Output:</h2>
*** Using Compiler 'V5.06 update 6 (build 750)', folder: 'D:\Program Files\Soft\MDK\ARM\ARMCC\Bin'
Rebuild target 'FreeRTOS'
compiling system_stm32f4xx.c...
compiling main.c...
compiling stm32f4xx_it.c...
compiling led.c...
compiling timer.c...
compiling key.c...
compiling lcd.c...
compiling beep.c...
compiling delay.c...
compiling sram.c...
assembling startup_stm32f40_41xxx.s...
compiling sys.c...
compiling usart.c...
compiling misc.c...
compiling stm32f4xx_gpio.c...
compiling stm32f4xx_rcc.c...
compiling stm32f4xx_syscfg.c...
compiling stm32f4xx_usart.c...
compiling stm32f4xx_tim.c...
compiling stm32f4xx_fsmc.c...
compiling malloc.c...
compiling event_groups.c...
compiling croutine.c...
compiling list.c...
compiling queue.c...
compiling tasks.c...
compiling timers.c...
compiling port.c...
compiling heap_4.c...
linking...
Program Size: Code=30950 RO-data=6582 RW-data=296 ZI-data=1198088  
FromELF: creating hex file...
"..\OBJ\LED.axf" - 0 Error(s), 0 Warning(s).

<h2>Software Packages used:</h2>

Package Vendor: Keil
                http://www.keil.com/pack/Keil.STM32F4xx_DFP.2.13.0.pack
                Keil.STM32F4xx_DFP.2.13.0
                STMicroelectronics STM32F4 Series Device Support, Drivers and Examples

<h2>Collection of Component include folders:</h2>
  .\RTE\_FreeRTOS
  D:\Program Files\Soft\MDK\ARM\PACK\Keil\STM32F4xx_DFP\2.13.0\Drivers\CMSIS\Device\ST\STM32F4xx\Include

<h2>Collection of Component Files used:</h2>
Build Time Elapsed:  00:00:12
</pre>
</body>
</html>
